------------------------------------------------------------
TimeQuest Timing Analyzer Summary
------------------------------------------------------------

Type  : Slow 1200mV 85C Model Setup 'clk_div:inst7|clock_100Hz'
Slack : -2.410
TNS   : -21.705

Type  : Slow 1200mV 85C Model Setup 'key'
Slack : -1.979
TNS   : -30.461

Type  : Slow 1200mV 85C Model Setup 'signal'
Slack : -1.276
TNS   : -8.093

Type  : Slow 1200mV 85C Model Setup 'push_button'
Slack : -0.615
TNS   : -6.006

Type  : Slow 1200mV 85C Model Setup 'clk_div:inst7|clock_10Khz_int'
Slack : -0.590
TNS   : -1.047

Type  : Slow 1200mV 85C Model Setup 'clk_div:inst7|clock_1Mhz_int'
Slack : -0.587
TNS   : -1.041

Type  : Slow 1200mV 85C Model Setup 'clk_div:inst7|clock_100Khz_int'
Slack : -0.584
TNS   : -1.032

Type  : Slow 1200mV 85C Model Setup 'clk_div:inst7|clock_1Khz_int'
Slack : -0.330
TNS   : -0.723

Type  : Slow 1200mV 85C Model Setup 'reg10b:inst4|dff_behavioral:ff0|q'
Slack : 0.210
TNS   : 0.000

Type  : Slow 1200mV 85C Model Hold 'clk_div:inst7|clock_100Hz'
Slack : -1.879
TNS   : -1.879

Type  : Slow 1200mV 85C Model Hold 'clk_div:inst7|clock_10Khz_int'
Slack : -0.402
TNS   : -0.402

Type  : Slow 1200mV 85C Model Hold 'clk_div:inst7|clock_100Khz_int'
Slack : -0.371
TNS   : -0.371

Type  : Slow 1200mV 85C Model Hold 'clk_div:inst7|clock_1Mhz_int'
Slack : -0.272
TNS   : -0.272

Type  : Slow 1200mV 85C Model Hold 'push_button'
Slack : -0.046
TNS   : -0.071

Type  : Slow 1200mV 85C Model Hold 'clk_div:inst7|clock_1Khz_int'
Slack : 0.404
TNS   : 0.000

Type  : Slow 1200mV 85C Model Hold 'signal'
Slack : 0.434
TNS   : 0.000

Type  : Slow 1200mV 85C Model Hold 'reg10b:inst4|dff_behavioral:ff0|q'
Slack : 0.445
TNS   : 0.000

Type  : Slow 1200mV 85C Model Hold 'key'
Slack : 0.753
TNS   : 0.000

Type  : Slow 1200mV 85C Model Minimum Pulse Width 'signal'
Slack : -3.000
TNS   : -13.280

Type  : Slow 1200mV 85C Model Minimum Pulse Width 'key'
Slack : -3.000
TNS   : -3.000

Type  : Slow 1200mV 85C Model Minimum Pulse Width 'push_button'
Slack : -3.000
TNS   : -3.000

Type  : Slow 1200mV 85C Model Minimum Pulse Width 'clk_div:inst7|clock_100Hz'
Slack : -1.285
TNS   : -14.135

Type  : Slow 1200mV 85C Model Minimum Pulse Width 'clk_div:inst7|clock_100Khz_int'
Slack : -1.285
TNS   : -5.140

Type  : Slow 1200mV 85C Model Minimum Pulse Width 'clk_div:inst7|clock_10Khz_int'
Slack : -1.285
TNS   : -5.140

Type  : Slow 1200mV 85C Model Minimum Pulse Width 'clk_div:inst7|clock_1Khz_int'
Slack : -1.285
TNS   : -5.140

Type  : Slow 1200mV 85C Model Minimum Pulse Width 'clk_div:inst7|clock_1Mhz_int'
Slack : -1.285
TNS   : -5.140

Type  : Slow 1200mV 85C Model Minimum Pulse Width 'reg10b:inst4|dff_behavioral:ff0|q'
Slack : -1.285
TNS   : -1.285

Type  : Slow 1200mV 0C Model Setup 'clk_div:inst7|clock_100Hz'
Slack : -2.117
TNS   : -18.957

Type  : Slow 1200mV 0C Model Setup 'key'
Slack : -1.681
TNS   : -25.740

Type  : Slow 1200mV 0C Model Setup 'signal'
Slack : -1.072
TNS   : -6.588

Type  : Slow 1200mV 0C Model Setup 'push_button'
Slack : -0.610
TNS   : -5.404

Type  : Slow 1200mV 0C Model Setup 'clk_div:inst7|clock_10Khz_int'
Slack : -0.428
TNS   : -0.589

Type  : Slow 1200mV 0C Model Setup 'clk_div:inst7|clock_1Mhz_int'
Slack : -0.425
TNS   : -0.582

Type  : Slow 1200mV 0C Model Setup 'clk_div:inst7|clock_100Khz_int'
Slack : -0.424
TNS   : -0.580

Type  : Slow 1200mV 0C Model Setup 'clk_div:inst7|clock_1Khz_int'
Slack : -0.207
TNS   : -0.350

Type  : Slow 1200mV 0C Model Setup 'reg10b:inst4|dff_behavioral:ff0|q'
Slack : 0.297
TNS   : 0.000

Type  : Slow 1200mV 0C Model Hold 'clk_div:inst7|clock_100Hz'
Slack : -1.703
TNS   : -1.703

Type  : Slow 1200mV 0C Model Hold 'clk_div:inst7|clock_10Khz_int'
Slack : -0.267
TNS   : -0.267

Type  : Slow 1200mV 0C Model Hold 'clk_div:inst7|clock_100Khz_int'
Slack : -0.255
TNS   : -0.255

Type  : Slow 1200mV 0C Model Hold 'clk_div:inst7|clock_1Mhz_int'
Slack : -0.172
TNS   : -0.172

Type  : Slow 1200mV 0C Model Hold 'push_button'
Slack : -0.048
TNS   : -0.083

Type  : Slow 1200mV 0C Model Hold 'clk_div:inst7|clock_1Khz_int'
Slack : 0.356
TNS   : 0.000

Type  : Slow 1200mV 0C Model Hold 'signal'
Slack : 0.393
TNS   : 0.000

Type  : Slow 1200mV 0C Model Hold 'reg10b:inst4|dff_behavioral:ff0|q'
Slack : 0.398
TNS   : 0.000

Type  : Slow 1200mV 0C Model Hold 'key'
Slack : 0.665
TNS   : 0.000

Type  : Slow 1200mV 0C Model Minimum Pulse Width 'signal'
Slack : -3.000
TNS   : -13.280

Type  : Slow 1200mV 0C Model Minimum Pulse Width 'key'
Slack : -3.000
TNS   : -3.000

Type  : Slow 1200mV 0C Model Minimum Pulse Width 'push_button'
Slack : -3.000
TNS   : -3.000

Type  : Slow 1200mV 0C Model Minimum Pulse Width 'clk_div:inst7|clock_100Hz'
Slack : -1.285
TNS   : -14.135

Type  : Slow 1200mV 0C Model Minimum Pulse Width 'clk_div:inst7|clock_100Khz_int'
Slack : -1.285
TNS   : -5.140

Type  : Slow 1200mV 0C Model Minimum Pulse Width 'clk_div:inst7|clock_10Khz_int'
Slack : -1.285
TNS   : -5.140

Type  : Slow 1200mV 0C Model Minimum Pulse Width 'clk_div:inst7|clock_1Khz_int'
Slack : -1.285
TNS   : -5.140

Type  : Slow 1200mV 0C Model Minimum Pulse Width 'clk_div:inst7|clock_1Mhz_int'
Slack : -1.285
TNS   : -5.140

Type  : Slow 1200mV 0C Model Minimum Pulse Width 'reg10b:inst4|dff_behavioral:ff0|q'
Slack : -1.285
TNS   : -1.285

Type  : Fast 1200mV 0C Model Setup 'clk_div:inst7|clock_100Hz'
Slack : -1.338
TNS   : -11.506

Type  : Fast 1200mV 0C Model Setup 'key'
Slack : -1.176
TNS   : -12.354

Type  : Fast 1200mV 0C Model Setup 'signal'
Slack : -0.067
TNS   : -0.402

Type  : Fast 1200mV 0C Model Setup 'clk_div:inst7|clock_10Khz_int'
Slack : 0.220
TNS   : 0.000

Type  : Fast 1200mV 0C Model Setup 'clk_div:inst7|clock_100Khz_int'
Slack : 0.225
TNS   : 0.000

Type  : Fast 1200mV 0C Model Setup 'clk_div:inst7|clock_1Mhz_int'
Slack : 0.225
TNS   : 0.000

Type  : Fast 1200mV 0C Model Setup 'push_button'
Slack : 0.338
TNS   : 0.000

Type  : Fast 1200mV 0C Model Setup 'clk_div:inst7|clock_1Khz_int'
Slack : 0.346
TNS   : 0.000

Type  : Fast 1200mV 0C Model Setup 'reg10b:inst4|dff_behavioral:ff0|q'
Slack : 0.624
TNS   : 0.000

Type  : Fast 1200mV 0C Model Hold 'clk_div:inst7|clock_100Hz'
Slack : -1.034
TNS   : -1.071

Type  : Fast 1200mV 0C Model Hold 'clk_div:inst7|clock_10Khz_int'
Slack : -0.360
TNS   : -0.360

Type  : Fast 1200mV 0C Model Hold 'clk_div:inst7|clock_100Khz_int'
Slack : -0.315
TNS   : -0.315

Type  : Fast 1200mV 0C Model Hold 'clk_div:inst7|clock_1Mhz_int'
Slack : -0.301
TNS   : -0.301

Type  : Fast 1200mV 0C Model Hold 'push_button'
Slack : -0.196
TNS   : -1.676

Type  : Fast 1200mV 0C Model Hold 'signal'
Slack : 0.163
TNS   : 0.000

Type  : Fast 1200mV 0C Model Hold 'clk_div:inst7|clock_1Khz_int'
Slack : 0.184
TNS   : 0.000

Type  : Fast 1200mV 0C Model Hold 'reg10b:inst4|dff_behavioral:ff0|q'
Slack : 0.206
TNS   : 0.000

Type  : Fast 1200mV 0C Model Hold 'key'
Slack : 0.366
TNS   : 0.000

Type  : Fast 1200mV 0C Model Minimum Pulse Width 'signal'
Slack : -3.000
TNS   : -11.494

Type  : Fast 1200mV 0C Model Minimum Pulse Width 'push_button'
Slack : -3.000
TNS   : -3.296

Type  : Fast 1200mV 0C Model Minimum Pulse Width 'key'
Slack : -3.000
TNS   : -3.000

Type  : Fast 1200mV 0C Model Minimum Pulse Width 'clk_div:inst7|clock_100Hz'
Slack : -1.000
TNS   : -11.000

Type  : Fast 1200mV 0C Model Minimum Pulse Width 'clk_div:inst7|clock_100Khz_int'
Slack : -1.000
TNS   : -4.000

Type  : Fast 1200mV 0C Model Minimum Pulse Width 'clk_div:inst7|clock_10Khz_int'
Slack : -1.000
TNS   : -4.000

Type  : Fast 1200mV 0C Model Minimum Pulse Width 'clk_div:inst7|clock_1Khz_int'
Slack : -1.000
TNS   : -4.000

Type  : Fast 1200mV 0C Model Minimum Pulse Width 'clk_div:inst7|clock_1Mhz_int'
Slack : -1.000
TNS   : -4.000

Type  : Fast 1200mV 0C Model Minimum Pulse Width 'reg10b:inst4|dff_behavioral:ff0|q'
Slack : -1.000
TNS   : -1.000

------------------------------------------------------------
